digraph G {
	0 [ label="0 | x" shape="rectangle" ];
	1 [ label="1 | true" shape="rectangle" ];
	2 [ label="2 | y" shape="rectangle" ];
	3 [ label="3 | false" shape="rectangle" ];
	4 [ label="4 | z" shape="rectangle" ];
	5 [ label="5 | 5" shape="rectangle" ];
	6 [ label="6 | 4" shape="rectangle" ];
	7 [ label="7 | <" shape="rectangle" ];
	8 [ label="8 | w" shape="rectangle" ];
	9 [ label="9 | 5" shape="rectangle" ];
	10 [ label="10 | 4" shape="rectangle" ];
	11 [ label="11 | <=" shape="rectangle" ];
	12 [ label="12 | a" shape="rectangle" ];
	13 [ label="13 | 5" shape="rectangle" ];
	14 [ label="14 | 4" shape="rectangle" ];
	15 [ label="15 | >" shape="rectangle" ];
	16 [ label="16 | b" shape="rectangle" ];
	17 [ label="17 | 5" shape="rectangle" ];
	18 [ label="18 | 4" shape="rectangle" ];
	19 [ label="19 | >=" shape="rectangle" ];
	20 [ label="20 | c" shape="rectangle" ];
	21 [ label="21 | 5" shape="rectangle" ];
	22 [ label="22 | 4" shape="rectangle" ];
	23 [ label="23 | ==" shape="rectangle" ];
	24 [ label="24 | d" shape="rectangle" ];
	25 [ label="25 | 5" shape="rectangle" ];
	26 [ label="26 | 4" shape="rectangle" ];
	27 [ label="27 | !=" shape="rectangle" ];
	28 [ label="28 | e" shape="rectangle" ];
	29 [ label="29 | 5" shape="rectangle" ];
	30 [ label="30 | 4" shape="rectangle" ];
	31 [ label="31 | ===" shape="rectangle" ];
	32 [ label="32 | f" shape="rectangle" ];
	33 [ label="33 | 5" shape="rectangle" ];
	34 [ label="34 | 4" shape="rectangle" ];
	35 [ label="35 | !==" shape="rectangle" ];
	1 -> 0 [ label="assign" ];
	3 -> 2 [ label="assign" ];
	5 -> 7 [ label="right" ];
	6 -> 7 [ label="left" ];
	7 -> 4 [ label="assign" ];
	9 -> 11 [ label="right" ];
	10 -> 11 [ label="left" ];
	11 -> 8 [ label="assign" ];
	13 -> 15 [ label="right" ];
	14 -> 15 [ label="left" ];
	15 -> 12 [ label="assign" ];
	17 -> 19 [ label="right" ];
	18 -> 19 [ label="left" ];
	19 -> 16 [ label="assign" ];
	21 -> 23 [ label="right" ];
	22 -> 23 [ label="left" ];
	23 -> 20 [ label="assign" ];
	25 -> 27 [ label="right" ];
	26 -> 27 [ label="left" ];
	27 -> 24 [ label="assign" ];
	29 -> 31 [ label="right" ];
	30 -> 31 [ label="left" ];
	31 -> 28 [ label="assign" ];
	33 -> 35 [ label="right" ];
	34 -> 35 [ label="left" ];
	35 -> 32 [ label="assign" ];
}
