digraph G {
	0 [ label="0 | start (__entryPoint__)" shape="rectangle" ];
	1 [ label="1 | #processAge" shape="rectangle" ];
	2 [ label="2 | new Object" shape="rectangle" ];
	3 [ label="3 | Ben Zion" shape="rectangle" ];
	4 [ label="4 | #name" shape="rectangle" ];
	5 [ label="5 | store" shape="rectangle" ];
	6 [ label="6 | 83" shape="rectangle" ];
	7 [ label="7 | #age" shape="rectangle" ];
	8 [ label="8 | store" shape="rectangle" ];
	9 [ label="9 | Pizza" shape="rectangle" ];
	10 [ label="10 | #favoriteFood" shape="rectangle" ];
	11 [ label="11 | store" shape="rectangle" ];
	12 [ label="12 | start (__anonymousFunction__)" shape="rectangle" ];
	13 [ label="13 | param (0): (12)" shape="rectangle" ];
	14 [ label="14 | param (1): (12)" shape="rectangle" ];
	15 [ label="15 | !" shape="rectangle" ];
	16 [ label="16 | if" shape="rectangle" ];
	17 [ label="17 | merge" shape="rectangle" ];
	18 [ label="18 | return (12)" shape="rectangle" ];
	19 [ label="19 | 0" shape="rectangle" ];
	20 [ label="20 | dummy" shape="rectangle" ];
	21 [ label="21 | 50" shape="rectangle" ];
	22 [ label="22 | load" shape="rectangle" ];
	23 [ label="23 | >" shape="rectangle" ];
	24 [ label="24 | if" shape="rectangle" ];
	25 [ label="25 | merge" shape="rectangle" ];
	26 [ label="26 | return (12)" shape="rectangle" ];
	27 [ label="27 | 7" shape="rectangle" ];
	28 [ label="28 | dummy" shape="rectangle" ];
	29 [ label="29 | return (12)" shape="rectangle" ];
	30 [ label="30 | 9" shape="rectangle" ];
	31 [ label="31 | #hoursToSleep" shape="rectangle" ];
	32 [ label="32 | store" shape="rectangle" ];
	33 [ label="33 | Benzi" shape="rectangle" ];
	34 [ label="34 | nickname" shape="rectangle" ];
	35 [ label="35 | store" shape="rectangle" ];
	36 [ label="36 | call" shape="rectangle" ];
	37 [ label="37 | load" shape="rectangle" ];
	38 [ label="38 | call" shape="rectangle" ];
	39 [ label="39 | true" shape="rectangle" ];
	40 [ label="40 | load" shape="rectangle" ];
	41 [ label="41 | start (processAge)" shape="rectangle" ];
	42 [ label="42 | param (1): (41)" shape="rectangle" ];
	43 [ label="43 | return (41)" shape="rectangle" ];
	0 -> 2 [ label="control" ];
	2 -> 5 [ label="control" ];
	3 -> 5 [ label="value" ];
	2 -> 5 [ label="object" ];
	4 -> 5 [ label="property" ];
	5 -> 8 [ label="control" ];
	6 -> 8 [ label="value" ];
	2 -> 8 [ label="object" ];
	7 -> 8 [ label="property" ];
	8 -> 11 [ label="control" ];
	9 -> 11 [ label="value" ];
	2 -> 11 [ label="object" ];
	10 -> 11 [ label="property" ];
	14 -> 15 [ label="prefix" ];
	12 -> 16 [ label="control" ];
	15 -> 16 [ label="condition" ];
	16 -> 17 [ label="association", style=dashed, dir=none ];
	16 -> 18 [ label="true-control" ];
	19 -> 18 [ label="value" ];
	16 -> 20 [ label="false-control" ];
	20 -> 17 [ label="control" ];
	17 -> 22 [ label="control" ];
	13 -> 22 [ label="object" ];
	7 -> 22 [ label="property" ];
	21 -> 23 [ label="right" ];
	22 -> 23 [ label="left" ];
	22 -> 24 [ label="control" ];
	23 -> 24 [ label="condition" ];
	24 -> 25 [ label="association", style=dashed, dir=none ];
	24 -> 26 [ label="true-control" ];
	27 -> 26 [ label="value" ];
	24 -> 28 [ label="false-control" ];
	28 -> 25 [ label="control" ];
	25 -> 29 [ label="control" ];
	30 -> 29 [ label="value" ];
	11 -> 32 [ label="control" ];
	12 -> 32 [ label="value" ];
	2 -> 32 [ label="object" ];
	31 -> 32 [ label="property" ];
	32 -> 35 [ label="control" ];
	33 -> 35 [ label="value" ];
	2 -> 35 [ label="object" ];
	34 -> 35 [ label="property" ];
	35 -> 37 [ label="control" ];
	2 -> 37 [ label="object" ];
	7 -> 37 [ label="property" ];
	37 -> 36 [ label="pos: 1" ];
	1 -> 36 [ label="callable" ];
	37 -> 36 [ label="control" ];
	39 -> 38 [ label="pos: 1" ];
	36 -> 40 [ label="control" ];
	2 -> 40 [ label="object" ];
	31 -> 40 [ label="property" ];
	40 -> 38 [ label="callable" ];
	40 -> 38 [ label="control" ];
	41 -> 1 [ label="association", style=dashed, dir=none ];
	41 -> 43 [ label="control" ];
	42 -> 43 [ label="value" ];
}
