digraph G {
	0 [ label="0 | start (__entryPoint__)" shape="rectangle" ];
	1 [ label="1 | #func" shape="rectangle" ];
	2 [ label="2 | #func2" shape="rectangle" ];
	3 [ label="3 | #final" shape="rectangle" ];
	4 [ label="4 | 2" shape="rectangle" ];
	5 [ label="5 | -" shape="rectangle" ];
	6 [ label="6 | 1" shape="rectangle" ];
	7 [ label="7 | -" shape="rectangle" ];
	8 [ label="8 | 0" shape="rectangle" ];
	9 [ label="9 | while" shape="rectangle" ];
	10 [ label="10 | merge (9)" shape="rectangle" ];
	11 [ label="11 | 5" shape="rectangle" ];
	12 [ label="12 | >" shape="rectangle" ];
	13 [ label="13 | call" shape="rectangle" ];
	14 [ label="14 | call" shape="rectangle" ];
	15 [ label="15 | call" shape="rectangle" ];
	16 [ label="16 | call" shape="rectangle" ];
	17 [ label="17 | call" shape="rectangle" ];
	18 [ label="18 | 3" shape="rectangle" ];
	19 [ label="19 | call" shape="rectangle" ];
	20 [ label="20 | +" shape="rectangle" ];
	21 [ label="21 | call" shape="rectangle" ];
	22 [ label="22 | phi  (10)" shape="rectangle" ];
	23 [ label="23 | phi  (10)" shape="rectangle" ];
	24 [ label="24 | call" shape="rectangle" ];
	25 [ label="25 | start (func)" shape="rectangle" ];
	26 [ label="26 | param (1): (25)" shape="rectangle" ];
	27 [ label="27 | return (25)" shape="rectangle" ];
	28 [ label="28 | 10" shape="rectangle" ];
	29 [ label="29 | +" shape="rectangle" ];
	30 [ label="30 | start (func2)" shape="rectangle" ];
	31 [ label="31 | param (1): (30)" shape="rectangle" ];
	32 [ label="32 | param (2): (30)" shape="rectangle" ];
	33 [ label="33 | return (30)" shape="rectangle" ];
	34 [ label="34 | +" shape="rectangle" ];
	35 [ label="35 | start (final)" shape="rectangle" ];
	36 [ label="36 | return (35)" shape="rectangle" ];
	37 [ label="37 | DONE!" shape="rectangle" ];
	4 -> 5 [ label="prefix" ];
	6 -> 7 [ label="prefix" ];
	11 -> 12 [ label="right" ];
	22 -> 12 [ label="left" ];
	12 -> 9 [ label="condition" ];
	0 -> 10 [ label="control" ];
	10 -> 9 [ label="control" ];
	22 -> 13 [ label="pos: 1" ];
	1 -> 13 [ label="callable" ];
	9 -> 13 [ label="true-control" ];
	23 -> 14 [ label="pos: 1" ];
	1 -> 14 [ label="callable" ];
	13 -> 14 [ label="control" ];
	6 -> 15 [ label="pos: 1" ];
	23 -> 15 [ label="pos: 2" ];
	2 -> 15 [ label="callable" ];
	14 -> 15 [ label="control" ];
	5 -> 16 [ label="pos: 1" ];
	1 -> 16 [ label="callable" ];
	15 -> 16 [ label="control" ];
	4 -> 17 [ label="pos: 1" ];
	1 -> 17 [ label="callable" ];
	16 -> 17 [ label="control" ];
	18 -> 19 [ label="pos: 1" ];
	1 -> 19 [ label="callable" ];
	17 -> 19 [ label="control" ];
	6 -> 20 [ label="right" ];
	6 -> 20 [ label="left" ];
	20 -> 21 [ label="pos: 1" ];
	1 -> 21 [ label="callable" ];
	19 -> 21 [ label="control" ];
	20 -> 22 [ label="from 21" ];
	8 -> 22 [ label="from 0" ];
	18 -> 23 [ label="from 21" ];
	7 -> 23 [ label="from 0" ];
	21 -> 10 [ label="control" ];
	3 -> 24 [ label="callable" ];
	9 -> 24 [ label="false-control" ];
	25 -> 1 [ label="association", style=dashed, dir=none ];
	25 -> 27 [ label="control" ];
	28 -> 29 [ label="right" ];
	26 -> 29 [ label="left" ];
	29 -> 27 [ label="value" ];
	30 -> 2 [ label="association", style=dashed, dir=none ];
	30 -> 33 [ label="control" ];
	32 -> 34 [ label="right" ];
	31 -> 34 [ label="left" ];
	34 -> 33 [ label="value" ];
	35 -> 3 [ label="association", style=dashed, dir=none ];
	35 -> 36 [ label="control" ];
	37 -> 36 [ label="value" ];
}
