digraph G {
	0 [ label="0 | start (__entryPoint__)" shape="rectangle" ];
	1 [ label="1 | start (B::constructor)" shape="rectangle" ];
	2 [ label="2 | param (0): (1)" shape="rectangle" ];
	3 [ label="3 | 1" shape="rectangle" ];
	4 [ label="4 | c" shape="rectangle" ];
	5 [ label="5 | store" shape="rectangle" ];
	6 [ label="6 | 2" shape="rectangle" ];
	7 [ label="7 | d" shape="rectangle" ];
	8 [ label="8 | store" shape="rectangle" ];
	9 [ label="9 | start (B::add)" shape="rectangle" ];
	10 [ label="10 | param (0): (9)" shape="rectangle" ];
	11 [ label="11 | param (1): (9)" shape="rectangle" ];
	12 [ label="12 | c" shape="rectangle" ];
	13 [ label="13 | load" shape="rectangle" ];
	14 [ label="14 | +" shape="rectangle" ];
	15 [ label="15 | d" shape="rectangle" ];
	16 [ label="16 | store" shape="rectangle" ];
	17 [ label="17 | new B" shape="rectangle" ];
	18 [ label="18 | h" shape="rectangle" ];
	19 [ label="19 | 5" shape="rectangle" ];
	20 [ label="20 | store" shape="rectangle" ];
	21 [ label="21 | c" shape="rectangle" ];
	22 [ label="22 | store" shape="rectangle" ];
	1 -> 5 [ label="control" ];
	3 -> 5 [ label="value" ];
	2 -> 5 [ label="object" ];
	4 -> 5 [ label="property" ];
	5 -> 8 [ label="control" ];
	6 -> 8 [ label="value" ];
	2 -> 8 [ label="object" ];
	7 -> 8 [ label="property" ];
	9 -> 13 [ label="control" ];
	10 -> 13 [ label="object" ];
	12 -> 13 [ label="property" ];
	13 -> 14 [ label="right" ];
	11 -> 14 [ label="left" ];
	13 -> 16 [ label="control" ];
	14 -> 16 [ label="value" ];
	10 -> 16 [ label="object" ];
	15 -> 16 [ label="property" ];
	1 -> 17 [ label="callable" ];
	0 -> 17 [ label="control" ];
	17 -> 20 [ label="control" ];
	19 -> 20 [ label="value" ];
	17 -> 20 [ label="object" ];
	18 -> 20 [ label="property" ];
	20 -> 22 [ label="control" ];
	19 -> 22 [ label="value" ];
	17 -> 22 [ label="object" ];
	21 -> 22 [ label="property" ];
}
