digraph G {
	0 [ label="0 | start (function: __entryPoint__)" shape="rectangle" ];
	1 [ label="1 | 5" shape="rectangle" ];
	2 [ label="2 | start (function: add)" shape="rectangle" ];
	3 [ label="3 | start (function: sub)" shape="rectangle" ];
	4 [ label="4 | if" shape="rectangle" ];
	5 [ label="5 | true" shape="rectangle" ];
	6 [ label="6 | merge (if: 4)" shape="rectangle" ];
	7 [ label="7 | 6" shape="rectangle" ];
	8 [ label="8 | call" shape="rectangle" ];
	9 [ label="9 | Dummy" shape="rectangle" ];
	10 [ label="10 | call" shape="rectangle" ];
	11 [ label="11 | param (1): (function: 2)" shape="rectangle" ];
	12 [ label="12 | return (function: 2)" shape="rectangle" ];
	13 [ label="13 | 10" shape="rectangle" ];
	14 [ label="14 | +" shape="rectangle" ];
	15 [ label="15 | param (1): (function: 3)" shape="rectangle" ];
	16 [ label="16 | return (function: 3)" shape="rectangle" ];
	17 [ label="17 | -" shape="rectangle" ];
	0 -> 4 [ label="control" ];
	5 -> 4 [ label="cond" ];
	4 -> 8 [ label="true-control" ];
	7 -> 8 [ label="pos: 1" ];
	8 -> 2 [ label="call" ];
	8 -> 6 [ label="control" ];
	4 -> 9 [ label="false-control" ];
	9 -> 6 [ label="control" ];
	6 -> 10 [ label="control" ];
	1 -> 10 [ label="pos: 1" ];
	10 -> 2 [ label="call" ];
	2 -> 12 [ label="control" ];
	13 -> 14 [ label="right" ];
	11 -> 14 [ label="left" ];
	14 -> 12 [ label="value" ];
	3 -> 16 [ label="control" ];
	13 -> 17 [ label="right" ];
	15 -> 17 [ label="left" ];
	17 -> 16 [ label="value" ];
}
