digraph G {
	0 [ label="0 | start (__entryPoint__)" shape="rectangle" ];
	1 [ label="1 | #sub" shape="rectangle" ];
	2 [ label="2 | start (B::constructor)" shape="rectangle" ];
	3 [ label="3 | param (0): (2)" shape="rectangle" ];
	4 [ label="4 | 1" shape="rectangle" ];
	5 [ label="5 | #c" shape="rectangle" ];
	6 [ label="6 | store" shape="rectangle" ];
	7 [ label="7 | 2" shape="rectangle" ];
	8 [ label="8 | #d" shape="rectangle" ];
	9 [ label="9 | store" shape="rectangle" ];
	10 [ label="10 | start (B::add)" shape="rectangle" ];
	11 [ label="11 | param (0): (10)" shape="rectangle" ];
	12 [ label="12 | param (1): (10)" shape="rectangle" ];
	13 [ label="13 | load" shape="rectangle" ];
	14 [ label="14 | +" shape="rectangle" ];
	15 [ label="15 | store" shape="rectangle" ];
	16 [ label="16 | new B" shape="rectangle" ];
	17 [ label="17 | call" shape="rectangle" ];
	18 [ label="18 | 5" shape="rectangle" ];
	19 [ label="19 | #add" shape="rectangle" ];
	20 [ label="20 | load" shape="rectangle" ];
	21 [ label="21 | 4" shape="rectangle" ];
	22 [ label="22 | store" shape="rectangle" ];
	23 [ label="23 | call" shape="rectangle" ];
	24 [ label="24 | load" shape="rectangle" ];
	25 [ label="25 | start (sub)" shape="rectangle" ];
	26 [ label="26 | param (1): (25)" shape="rectangle" ];
	27 [ label="27 | return (25)" shape="rectangle" ];
	28 [ label="28 | -" shape="rectangle" ];
	2 -> 6 [ label="control" ];
	4 -> 6 [ label="value" ];
	3 -> 6 [ label="object" ];
	5 -> 6 [ label="property" ];
	6 -> 9 [ label="control" ];
	7 -> 9 [ label="value" ];
	3 -> 9 [ label="object" ];
	8 -> 9 [ label="property" ];
	10 -> 13 [ label="control" ];
	11 -> 13 [ label="object" ];
	5 -> 13 [ label="property" ];
	13 -> 14 [ label="right" ];
	12 -> 14 [ label="left" ];
	13 -> 15 [ label="control" ];
	14 -> 15 [ label="value" ];
	11 -> 15 [ label="object" ];
	8 -> 15 [ label="property" ];
	2 -> 16 [ label="callable" ];
	0 -> 16 [ label="control" ];
	18 -> 17 [ label="pos: 1" ];
	16 -> 20 [ label="control" ];
	16 -> 20 [ label="object" ];
	19 -> 20 [ label="property" ];
	20 -> 17 [ label="callable" ];
	20 -> 17 [ label="control" ];
	17 -> 22 [ label="control" ];
	21 -> 22 [ label="value" ];
	16 -> 22 [ label="object" ];
	5 -> 22 [ label="property" ];
	22 -> 24 [ label="control" ];
	16 -> 24 [ label="object" ];
	8 -> 24 [ label="property" ];
	24 -> 23 [ label="pos: 1" ];
	1 -> 23 [ label="callable" ];
	24 -> 23 [ label="control" ];
	25 -> 1 [ label="association", style=dashed, dir=none ];
	25 -> 27 [ label="control" ];
	26 -> 28 [ label="right" ];
	18 -> 28 [ label="left" ];
	28 -> 27 [ label="value" ];
}
