digraph G {
	0 [ label="0 | start (__entryPoint__)" shape="rectangle" ];
	1 [ label="1 | #add" shape="rectangle" ];
	2 [ label="2 | #sub" shape="rectangle" ];
	3 [ label="3 | 5" shape="rectangle" ];
	4 [ label="4 | while" shape="rectangle" ];
	5 [ label="5 | merge" shape="rectangle" ];
	6 [ label="6 | true" shape="rectangle" ];
	7 [ label="7 | 0" shape="rectangle" ];
	8 [ label="8 | >" shape="rectangle" ];
	9 [ label="9 | if" shape="rectangle" ];
	10 [ label="10 | merge" shape="rectangle" ];
	11 [ label="11 | continue" shape="rectangle" ];
	12 [ label="12 | dummy" shape="rectangle" ];
	13 [ label="13 | 7" shape="rectangle" ];
	14 [ label="14 | <" shape="rectangle" ];
	15 [ label="15 | if" shape="rectangle" ];
	16 [ label="16 | merge" shape="rectangle" ];
	17 [ label="17 | break" shape="rectangle" ];
	18 [ label="18 | dummy" shape="rectangle" ];
	19 [ label="19 | call" shape="rectangle" ];
	20 [ label="20 | call" shape="rectangle" ];
	21 [ label="21 | start (add)" shape="rectangle" ];
	22 [ label="22 | return" shape="rectangle" ];
	23 [ label="23 | start (sub)" shape="rectangle" ];
	24 [ label="24 | return" shape="rectangle" ];
	4 -> 5 [ label="association", style=dashed, dir=none ];
	6 -> 4 [ label="condition" ];
	0 -> 5 [ label="control" ];
	5 -> 4 [ label="control" ];
	7 -> 8 [ label="right" ];
	3 -> 8 [ label="left" ];
	4 -> 9 [ label="true-control" ];
	8 -> 9 [ label="condition" ];
	9 -> 10 [ label="association", style=dashed, dir=none ];
	9 -> 11 [ label="true-control" ];
	11 -> 5 [ label="control" ];
	9 -> 12 [ label="false-control" ];
	12 -> 10 [ label="control" ];
	13 -> 14 [ label="right" ];
	3 -> 14 [ label="left" ];
	10 -> 15 [ label="control" ];
	14 -> 15 [ label="condition" ];
	15 -> 16 [ label="association", style=dashed, dir=none ];
	15 -> 17 [ label="true-control" ];
	15 -> 18 [ label="false-control" ];
	18 -> 16 [ label="control" ];
	1 -> 19 [ label="callable" ];
	16 -> 19 [ label="control" ];
	19 -> 5 [ label="control" ];
	2 -> 20 [ label="callable" ];
	4 -> 20 [ label="false-control" ];
	17 -> 20 [ label="control" ];
	21 -> 1 [ label="association", style=dashed, dir=none ];
	22 -> 21 [ label="association", style=dashed, dir=none ];
	21 -> 22 [ label="control" ];
	7 -> 22 [ label="value" ];
	23 -> 2 [ label="association", style=dashed, dir=none ];
	24 -> 23 [ label="association", style=dashed, dir=none ];
	23 -> 24 [ label="control" ];
	7 -> 24 [ label="value" ];
}
