digraph G {
	0 [ label="0 | start (function: __entryPoint__)" shape="rectangle" ];
	1 [ label="1 | 10" shape="rectangle" ];
	2 [ label="2 | +" shape="rectangle" ];
	3 [ label="3 | 12" shape="rectangle" ];
	4 [ label="4 | -" shape="rectangle" ];
	5 [ label="5 | *" shape="rectangle" ];
	6 [ label="6 | *" shape="rectangle" ];
	7 [ label="7 | 15" shape="rectangle" ];
	8 [ label="8 | +" shape="rectangle" ];
	9 [ label="9 | +" shape="rectangle" ];
	1 -> 2 [ label="right" ];
	1 -> 2 [ label="left" ];
	3 -> 4 [ label="right" ];
	2 -> 4 [ label="left" ];
	1 -> 5 [ label="right" ];
	4 -> 5 [ label="left" ];
	5 -> 6 [ label="right" ];
	2 -> 6 [ label="left" ];
	6 -> 8 [ label="right" ];
	7 -> 8 [ label="left" ];
	8 -> 9 [ label="right" ];
	7 -> 9 [ label="left" ];
}
