digraph G {
	0 [ label="0 | start (__entryPoint__)" shape="rectangle" ];
	1 [ label="1 | 0" shape="rectangle" ];
	2 [ label="2 | true" shape="rectangle" ];
	3 [ label="3 | if" shape="rectangle" ];
	4 [ label="4 | merge" shape="rectangle" ];
	5 [ label="5 | 1" shape="rectangle" ];
	6 [ label="6 | dummy" shape="rectangle" ];
	7 [ label="7 | 5" shape="rectangle" ];
	8 [ label="8 | dummy" shape="rectangle" ];
	9 [ label="9 | phi" shape="rectangle" ];
	10 [ label="10 | +" shape="rectangle" ];
	0 -> 3 [ label="control" ];
	2 -> 3 [ label="condition" ];
	3 -> 4 [ label="association", style=dashed, dir=none ];
	3 -> 6 [ label="true-control" ];
	6 -> 4 [ label="control" ];
	3 -> 8 [ label="false-control" ];
	8 -> 4 [ label="control" ];
	9 -> 4 [ label="association", style=dashed, dir=none ];
	5 -> 9 [ label="from 6" ];
	1 -> 9 [ label="from 8" ];
	5 -> 10 [ label="right" ];
	9 -> 10 [ label="left" ];
}
