digraph G {
	0 [ label="0 | start (__entryPoint__)" shape="rectangle" ];
	1 [ label="1 | #add" shape="rectangle" ];
	2 [ label="2 | #getIndex" shape="rectangle" ];
	3 [ label="3 | new Array" shape="rectangle" ];
	4 [ label="4 | 13" shape="rectangle" ];
	5 [ label="5 | #0" shape="rectangle" ];
	6 [ label="6 | store" shape="rectangle" ];
	7 [ label="7 | 6" shape="rectangle" ];
	8 [ label="8 | #1" shape="rectangle" ];
	9 [ label="9 | store" shape="rectangle" ];
	10 [ label="10 | 9" shape="rectangle" ];
	11 [ label="11 | #2" shape="rectangle" ];
	12 [ label="12 | store" shape="rectangle" ];
	13 [ label="13 | call" shape="rectangle" ];
	14 [ label="14 | 2" shape="rectangle" ];
	15 [ label="15 | load" shape="rectangle" ];
	16 [ label="16 | call" shape="rectangle" ];
	17 [ label="17 | 99" shape="rectangle" ];
	18 [ label="18 | store" shape="rectangle" ];
	19 [ label="19 | call" shape="rectangle" ];
	20 [ label="20 | 67" shape="rectangle" ];
	21 [ label="21 | #push" shape="rectangle" ];
	22 [ label="22 | load" shape="rectangle" ];
	23 [ label="23 | new Array" shape="rectangle" ];
	24 [ label="24 | call" shape="rectangle" ];
	25 [ label="25 | 11" shape="rectangle" ];
	26 [ label="26 | #unshift" shape="rectangle" ];
	27 [ label="27 | load" shape="rectangle" ];
	28 [ label="28 | start (add)" shape="rectangle" ];
	29 [ label="29 | param (1): (28)" shape="rectangle" ];
	30 [ label="30 | return (28)" shape="rectangle" ];
	31 [ label="31 | 5" shape="rectangle" ];
	32 [ label="32 | +" shape="rectangle" ];
	33 [ label="33 | start (getIndex)" shape="rectangle" ];
	34 [ label="34 | return (33)" shape="rectangle" ];
	35 [ label="35 | 1" shape="rectangle" ];
	0 -> 3 [ label="control" ];
	3 -> 6 [ label="control" ];
	4 -> 6 [ label="value" ];
	3 -> 6 [ label="object" ];
	5 -> 6 [ label="property" ];
	6 -> 9 [ label="control" ];
	7 -> 9 [ label="value" ];
	3 -> 9 [ label="object" ];
	8 -> 9 [ label="property" ];
	9 -> 12 [ label="control" ];
	10 -> 12 [ label="value" ];
	3 -> 12 [ label="object" ];
	11 -> 12 [ label="property" ];
	12 -> 15 [ label="control" ];
	3 -> 15 [ label="object" ];
	14 -> 15 [ label="property" ];
	15 -> 13 [ label="pos: 1" ];
	1 -> 13 [ label="callable" ];
	15 -> 13 [ label="control" ];
	2 -> 16 [ label="callable" ];
	13 -> 16 [ label="control" ];
	16 -> 18 [ label="control" ];
	17 -> 18 [ label="value" ];
	3 -> 18 [ label="object" ];
	16 -> 18 [ label="property" ];
	20 -> 19 [ label="pos: 1" ];
	18 -> 22 [ label="control" ];
	3 -> 22 [ label="object" ];
	21 -> 22 [ label="property" ];
	22 -> 19 [ label="callable" ];
	22 -> 19 [ label="control" ];
	19 -> 23 [ label="control" ];
	25 -> 24 [ label="pos: 1" ];
	23 -> 27 [ label="control" ];
	23 -> 27 [ label="object" ];
	26 -> 27 [ label="property" ];
	27 -> 24 [ label="callable" ];
	27 -> 24 [ label="control" ];
	28 -> 1 [ label="association", style=dashed, dir=none ];
	28 -> 30 [ label="control" ];
	31 -> 32 [ label="right" ];
	29 -> 32 [ label="left" ];
	32 -> 30 [ label="value" ];
	33 -> 2 [ label="association", style=dashed, dir=none ];
	33 -> 34 [ label="control" ];
	35 -> 34 [ label="value" ];
}
