digraph G {
	0 [ label="0 | start (function: __entryPoint__)" shape="rectangle" ];
	1 [ label="1 | x" shape="rectangle" ];
	2 [ label="2 | 15" shape="rectangle" ];
	3 [ label="3 | y" shape="rectangle" ];
	4 [ label="4 | +" shape="rectangle" ];
	5 [ label="5 | z" shape="rectangle" ];
	6 [ label="6 | w" shape="rectangle" ];
	7 [ label="7 | 20" shape="rectangle" ];
	8 [ label="8 | a" shape="rectangle" ];
	9 [ label="9 | hello" shape="rectangle" ];
	10 [ label="10 | b" shape="rectangle" ];
	11 [ label="11 | c" shape="rectangle" ];
	12 [ label="12 | hello world" shape="rectangle" ];
	13 [ label="13 | d" shape="rectangle" ];
	14 [ label="14 | true" shape="rectangle" ];
	15 [ label="15 | e" shape="rectangle" ];
	16 [ label="16 | false" shape="rectangle" ];
	17 [ label="17 | f" shape="rectangle" ];
	18 [ label="18 | g" shape="rectangle" ];
	2 -> 1 [ label="assign" ];
	2 -> 4 [ label="right" ];
	1 -> 4 [ label="left" ];
	4 -> 3 [ label="assign" ];
	2 -> 5 [ label="assign" ];
	7 -> 6 [ label="assign" ];
	9 -> 8 [ label="assign" ];
	9 -> 10 [ label="assign" ];
	12 -> 11 [ label="assign" ];
	14 -> 13 [ label="assign" ];
	16 -> 15 [ label="assign" ];
	14 -> 17 [ label="assign" ];
	16 -> 18 [ label="assign" ];
}
