digraph G {
	0 [ label="0 | start (__entryPoint__)" shape="rectangle" ];
	1 [ label="1 | 1" shape="rectangle" ];
	2 [ label="2 | 2" shape="rectangle" ];
	3 [ label="3 | if" shape="rectangle" ];
	4 [ label="4 | true" shape="rectangle" ];
	5 [ label="5 | merge (3)" shape="rectangle" ];
	6 [ label="6 | if" shape="rectangle" ];
	7 [ label="7 | merge (6)" shape="rectangle" ];
	8 [ label="8 | 3" shape="rectangle" ];
	9 [ label="9 | dummy" shape="rectangle" ];
	10 [ label="10 | if" shape="rectangle" ];
	11 [ label="11 | merge (10)" shape="rectangle" ];
	12 [ label="12 | 4" shape="rectangle" ];
	13 [ label="13 | dummy" shape="rectangle" ];
	14 [ label="14 | dummy" shape="rectangle" ];
	15 [ label="15 | phi  (11)" shape="rectangle" ];
	16 [ label="16 | phi  (7)" shape="rectangle" ];
	17 [ label="17 | phi  (7)" shape="rectangle" ];
	18 [ label="18 | if" shape="rectangle" ];
	19 [ label="19 | merge (18)" shape="rectangle" ];
	20 [ label="20 | if" shape="rectangle" ];
	21 [ label="21 | merge (20)" shape="rectangle" ];
	22 [ label="22 | if" shape="rectangle" ];
	23 [ label="23 | merge (22)" shape="rectangle" ];
	24 [ label="24 | 5" shape="rectangle" ];
	25 [ label="25 | dummy" shape="rectangle" ];
	26 [ label="26 | 6" shape="rectangle" ];
	27 [ label="27 | dummy" shape="rectangle" ];
	28 [ label="28 | phi  (23)" shape="rectangle" ];
	29 [ label="29 | phi  (23)" shape="rectangle" ];
	30 [ label="30 | dummy" shape="rectangle" ];
	31 [ label="31 | phi  (21)" shape="rectangle" ];
	32 [ label="32 | phi  (21)" shape="rectangle" ];
	33 [ label="33 | 7" shape="rectangle" ];
	34 [ label="34 | dummy" shape="rectangle" ];
	35 [ label="35 | phi  (19)" shape="rectangle" ];
	36 [ label="36 | phi  (19)" shape="rectangle" ];
	37 [ label="37 | phi  (5)" shape="rectangle" ];
	38 [ label="38 | phi  (5)" shape="rectangle" ];
	0 -> 3 [ label="control" ];
	4 -> 3 [ label="condition" ];
	3 -> 6 [ label="true-control" ];
	4 -> 6 [ label="condition" ];
	6 -> 9 [ label="true-control" ];
	9 -> 7 [ label="control" ];
	6 -> 10 [ label="false-control" ];
	4 -> 10 [ label="condition" ];
	10 -> 13 [ label="true-control" ];
	13 -> 11 [ label="control" ];
	10 -> 14 [ label="false-control" ];
	14 -> 11 [ label="control" ];
	12 -> 15 [ label="from 13" ];
	2 -> 15 [ label="from 14" ];
	11 -> 7 [ label="control" ];
	15 -> 16 [ label="from 11" ];
	2 -> 16 [ label="from 9" ];
	8 -> 17 [ label="from 9" ];
	1 -> 17 [ label="from 11" ];
	7 -> 5 [ label="control" ];
	3 -> 18 [ label="false-control" ];
	4 -> 18 [ label="condition" ];
	18 -> 20 [ label="true-control" ];
	4 -> 20 [ label="condition" ];
	20 -> 22 [ label="true-control" ];
	4 -> 22 [ label="condition" ];
	22 -> 25 [ label="true-control" ];
	25 -> 23 [ label="control" ];
	22 -> 27 [ label="false-control" ];
	27 -> 23 [ label="control" ];
	26 -> 28 [ label="from 27" ];
	2 -> 28 [ label="from 25" ];
	24 -> 29 [ label="from 25" ];
	1 -> 29 [ label="from 27" ];
	23 -> 21 [ label="control" ];
	20 -> 30 [ label="false-control" ];
	30 -> 21 [ label="control" ];
	28 -> 31 [ label="from 23" ];
	2 -> 31 [ label="from 30" ];
	29 -> 32 [ label="from 23" ];
	1 -> 32 [ label="from 30" ];
	21 -> 19 [ label="control" ];
	18 -> 34 [ label="false-control" ];
	34 -> 19 [ label="control" ];
	31 -> 35 [ label="from 21" ];
	2 -> 35 [ label="from 34" ];
	32 -> 36 [ label="from 21" ];
	33 -> 36 [ label="from 34" ];
	19 -> 5 [ label="control" ];
	16 -> 37 [ label="from 7" ];
	35 -> 37 [ label="from 19" ];
	17 -> 38 [ label="from 7" ];
	36 -> 38 [ label="from 19" ];
}
