digraph G {
	0 [ label="x" shape="rectangle" ];
	1 [ label="16" shape="rectangle" ];
	2 [ label="y" shape="rectangle" ];
	3 [ label="1.2" shape="rectangle" ];
	4 [ label="z" shape="rectangle" ];
	5 [ label="93" shape="rectangle" ];
	6 [ label="-" shape="rectangle" ];
	7 [ label="w" shape="rectangle" ];
	8 [ label="103.234" shape="rectangle" ];
	9 [ label="-" shape="rectangle" ];
	10 [ label="a" shape="rectangle" ];
	11 [ label="42" shape="rectangle" ];
	12 [ label="10" shape="rectangle" ];
	13 [ label="*" shape="rectangle" ];
	14 [ label="102" shape="rectangle" ];
	15 [ label="2" shape="rectangle" ];
	16 [ label="/" shape="rectangle" ];
	17 [ label="-" shape="rectangle" ];
	18 [ label="4" shape="rectangle" ];
	19 [ label="+" shape="rectangle" ];
	20 [ label="b" shape="rectangle" ];
	21 [ label="1.5" shape="rectangle" ];
	22 [ label="92.5" shape="rectangle" ];
	23 [ label="0.5" shape="rectangle" ];
	24 [ label="/" shape="rectangle" ];
	25 [ label="*" shape="rectangle" ];
	26 [ label="c" shape="rectangle" ];
	27 [ label="105" shape="rectangle" ];
	1 -> 0 [ label="assign" ];
	3 -> 2 [ label="assign" ];
	5 -> 6 [ label="prefix" ];
	6 -> 4 [ label="assign" ];
	8 -> 9 [ label="prefix" ];
	9 -> 7 [ label="assign" ];
	12 -> 13 [ label="right" ];
	11 -> 13 [ label="left" ];
	15 -> 16 [ label="right" ];
	14 -> 16 [ label="left" ];
	16 -> 17 [ label="right" ];
	13 -> 17 [ label="left" ];
	18 -> 19 [ label="right" ];
	17 -> 19 [ label="left" ];
	19 -> 10 [ label="assign" ];
	23 -> 24 [ label="right" ];
	22 -> 24 [ label="left" ];
	24 -> 25 [ label="right" ];
	21 -> 25 [ label="left" ];
	25 -> 20 [ label="assign" ];
	27 -> 26 [ label="assign" ];
}
