digraph G {
	0 [ label="0 | start (function: __entryPoint__)" shape="rectangle" ];
	1 [ label="1 | start (function: add)" shape="rectangle" ];
	2 [ label="2 | start (function: sub)" shape="rectangle" ];
	3 [ label="3 | 0" shape="rectangle" ];
	4 [ label="4 | true" shape="rectangle" ];
	5 [ label="5 | false" shape="rectangle" ];
	6 [ label="6 | if" shape="rectangle" ];
	7 [ label="7 | ||" shape="rectangle" ];
	8 [ label="8 | true" shape="rectangle" ];
	9 [ label="9 | false" shape="rectangle" ];
	10 [ label="10 | merge (if: 6)" shape="rectangle" ];
	11 [ label="11 | call" shape="rectangle" ];
	12 [ label="12 | 10" shape="rectangle" ];
	13 [ label="13 | call" shape="rectangle" ];
	14 [ label="14 | 30" shape="rectangle" ];
	15 [ label="15 | 40" shape="rectangle" ];
	16 [ label="16 | phi  (if: 6)" shape="rectangle" ];
	17 [ label="17 | call" shape="rectangle" ];
	18 [ label="18 | param (1): (function: 1)" shape="rectangle" ];
	19 [ label="19 | param (2): (function: 1)" shape="rectangle" ];
	20 [ label="20 | return" shape="rectangle" ];
	21 [ label="21 | +" shape="rectangle" ];
	22 [ label="22 | param (1): (function: 2)" shape="rectangle" ];
	23 [ label="23 | param (2): (function: 2)" shape="rectangle" ];
	24 [ label="24 | return" shape="rectangle" ];
	25 [ label="25 | -" shape="rectangle" ];
	0 -> 6 [ label="control" ];
	5 -> 7 [ label="right" ];
	4 -> 7 [ label="left" ];
	7 -> 6 [ label="cond" ];
	6 -> 8 [ label="control" ];
	8 -> 11 [ label="control" ];
	3 -> 11 [ label="pos: 1" ];
	12 -> 11 [ label="pos: 2" ];
	11 -> 1 [ label="call" ];
	11 -> 10 [ label="control" ];
	6 -> 9 [ label="control" ];
	9 -> 13 [ label="control" ];
	14 -> 13 [ label="pos: 1" ];
	15 -> 13 [ label="pos: 2" ];
	13 -> 2 [ label="call" ];
	13 -> 10 [ label="control" ];
	11 -> 16 [ label="true-assign" ];
	3 -> 16 [ label="false-assign" ];
	10 -> 17 [ label="control" ];
	16 -> 17 [ label="pos: 1" ];
	16 -> 17 [ label="pos: 2" ];
	17 -> 1 [ label="call" ];
	1 -> 20 [ label="control" ];
	19 -> 21 [ label="right" ];
	18 -> 21 [ label="left" ];
	21 -> 20 [ label="value" ];
	2 -> 24 [ label="control" ];
	23 -> 25 [ label="right" ];
	22 -> 25 [ label="left" ];
	25 -> 24 [ label="value" ];
}
