digraph G {
	0 [ label="0 | start (__entryPoint__)" shape="rectangle" ];
	1 [ label="1 | 0" shape="rectangle" ];
	2 [ label="2 | 1" shape="rectangle" ];
	3 [ label="3 | true" shape="rectangle" ];
	4 [ label="4 | if" shape="rectangle" ];
	5 [ label="5 | merge" shape="rectangle" ];
	6 [ label="6 | if" shape="rectangle" ];
	7 [ label="7 | merge" shape="rectangle" ];
	8 [ label="8 | 2" shape="rectangle" ];
	9 [ label="9 | dummy" shape="rectangle" ];
	10 [ label="10 | 3" shape="rectangle" ];
	11 [ label="11 | dummy" shape="rectangle" ];
	12 [ label="12 | phi" shape="rectangle" ];
	13 [ label="13 | phi" shape="rectangle" ];
	14 [ label="14 | 4" shape="rectangle" ];
	15 [ label="15 | dummy" shape="rectangle" ];
	16 [ label="16 | phi" shape="rectangle" ];
	17 [ label="17 | phi" shape="rectangle" ];
	0 -> 4 [ label="control" ];
	3 -> 4 [ label="condition" ];
	4 -> 5 [ label="association", style=dashed, dir=none ];
	4 -> 6 [ label="true-control" ];
	3 -> 6 [ label="condition" ];
	6 -> 7 [ label="association", style=dashed, dir=none ];
	6 -> 9 [ label="true-control" ];
	9 -> 7 [ label="control" ];
	6 -> 11 [ label="false-control" ];
	11 -> 7 [ label="control" ];
	12 -> 7 [ label="association", style=dashed, dir=none ];
	10 -> 12 [ label="from 11" ];
	2 -> 12 [ label="from 9" ];
	13 -> 7 [ label="association", style=dashed, dir=none ];
	8 -> 13 [ label="from 9" ];
	1 -> 13 [ label="from 11" ];
	7 -> 5 [ label="control" ];
	4 -> 15 [ label="false-control" ];
	15 -> 5 [ label="control" ];
	16 -> 5 [ label="association", style=dashed, dir=none ];
	14 -> 16 [ label="from 7" ];
	2 -> 16 [ label="from 15" ];
	17 -> 5 [ label="association", style=dashed, dir=none ];
	13 -> 17 [ label="from 7" ];
	1 -> 17 [ label="from 15" ];
}
