digraph G {
	0 [ label="0 | start (function: __entryPoint__)" shape="rectangle" ];
	1 [ label="1 | start (function: add)" shape="rectangle" ];
	2 [ label="2 | start (function: sub)" shape="rectangle" ];
	3 [ label="3 | 10" shape="rectangle" ];
	4 [ label="4 | call" shape="rectangle" ];
	5 [ label="5 | 20" shape="rectangle" ];
	6 [ label="6 | 30" shape="rectangle" ];
	7 [ label="7 | call" shape="rectangle" ];
	8 [ label="8 | 50" shape="rectangle" ];
	9 [ label="9 | 1" shape="rectangle" ];
	10 [ label="10 | +" shape="rectangle" ];
	11 [ label="11 | param (1): (function: 1)" shape="rectangle" ];
	12 [ label="12 | param (2): (function: 1)" shape="rectangle" ];
	13 [ label="13 | return (function: 1)" shape="rectangle" ];
	14 [ label="14 | +" shape="rectangle" ];
	15 [ label="15 | param (1): (function: 2)" shape="rectangle" ];
	16 [ label="16 | param (2): (function: 2)" shape="rectangle" ];
	17 [ label="17 | return (function: 1)" shape="rectangle" ];
	18 [ label="18 | -" shape="rectangle" ];
	0 -> 4 [ label="control" ];
	3 -> 4 [ label="pos: 1" ];
	5 -> 4 [ label="pos: 2" ];
	4 -> 1 [ label="call" ];
	4 -> 7 [ label="control" ];
	8 -> 7 [ label="pos: 1" ];
	6 -> 10 [ label="right" ];
	9 -> 10 [ label="left" ];
	10 -> 7 [ label="pos: 2" ];
	7 -> 2 [ label="call" ];
	1 -> 13 [ label="control" ];
	12 -> 14 [ label="right" ];
	11 -> 14 [ label="left" ];
	14 -> 13 [ label="value" ];
	2 -> 17 [ label="control" ];
	16 -> 18 [ label="right" ];
	15 -> 18 [ label="left" ];
	18 -> 17 [ label="value" ];
}
